// Jest Snapshot v1, https://goo.gl/fbAQLP

exports[`it should render the LoginPage component properly 1`] = `
<div>
  <button>
    Login
  </button>
</div>
`;
