// Jest Snapshot v1, https://goo.gl/fbAQLP

exports[`it should render the NotFoundPage component 1`] = `
ShallowWrapper {
  "length": 1,
  Symbol(enzyme.__root__): [Circular],
  Symbol(enzyme.__unrendered__): <NotFoundPage />,
  Symbol(enzyme.__renderer__): Object {
    "batchedUpdates": [Function],
    "getNode": [Function],
    "render": [Function],
    "simulateEvent": [Function],
    "unmount": [Function],
  },
  Symbol(enzyme.__node__): Object {
    "instance": null,
    "key": undefined,
    "nodeType": "host",
    "props": Object {
      "children": Array [
        <h1>
          404
</h1>,
        <p>
          <Link
                    replace={false}
                    to="/"
          >
                    Home
          </Link>
</p>,
      ],
    },
    "ref": null,
    "rendered": Array [
      Object {
        "instance": null,
        "key": undefined,
        "nodeType": "host",
        "props": Object {
          "children": "404",
        },
        "ref": null,
        "rendered": "404",
        "type": "h1",
      },
      Object {
        "instance": null,
        "key": undefined,
        "nodeType": "host",
        "props": Object {
          "children": <Link
            replace={false}
            to="/"
>
            Home
</Link>,
        },
        "ref": null,
        "rendered": Object {
          "instance": null,
          "key": undefined,
          "nodeType": "class",
          "props": Object {
            "children": "Home",
            "replace": false,
            "to": "/",
          },
          "ref": null,
          "rendered": "Home",
          "type": [Function],
        },
        "type": "p",
      },
    ],
    "type": "div",
  },
  Symbol(enzyme.__nodes__): Array [
    Object {
      "instance": null,
      "key": undefined,
      "nodeType": "host",
      "props": Object {
        "children": Array [
          <h1>
            404
</h1>,
          <p>
            <Link
                        replace={false}
                        to="/"
            >
                        Home
            </Link>
</p>,
        ],
      },
      "ref": null,
      "rendered": Array [
        Object {
          "instance": null,
          "key": undefined,
          "nodeType": "host",
          "props": Object {
            "children": "404",
          },
          "ref": null,
          "rendered": "404",
          "type": "h1",
        },
        Object {
          "instance": null,
          "key": undefined,
          "nodeType": "host",
          "props": Object {
            "children": <Link
              replace={false}
              to="/"
>
              Home
</Link>,
          },
          "ref": null,
          "rendered": Object {
            "instance": null,
            "key": undefined,
            "nodeType": "class",
            "props": Object {
              "children": "Home",
              "replace": false,
              "to": "/",
            },
            "ref": null,
            "rendered": "Home",
            "type": [Function],
          },
          "type": "p",
        },
      ],
      "type": "div",
    },
  ],
  Symbol(enzyme.__options__): Object {
    "adapter": ReactSixteenAdapter {
      "options": Object {
        "enableComponentDidUpdateOnSetState": true,
      },
    },
  },
}
`;
